mysql> DROP TABLE IF EXISTS 5652e8491231612f0e227c1b ;
ERROR 1064 (42000): You have an error in your SQL syntax; check the manual that corresponds to your MySQL server version for the right syntax to use near '5652e8491231612f0e227c1b' at line 1
mysql> SELECT * FROM 5652e8491231612f0e227c1b;
ERROR 1064 (42000): You have an error in your SQL syntax; check the manual that corresponds to your MySQL server version for the right syntax to use near '5652e8491231612f0e227c1b' at line 1
mysql> DROP TABLE IF EXISTS '5652e8491231612f0e227c1b' ;
ERROR 1064 (42000): You have an error in your SQL syntax; check the manual that corresponds to your MySQL server version for the right syntax to use near ''5652e8491231612f0e227c1b'' at line 1
mysql> DROP TABLE IF EXISTS '5652e8491231612f0e227c1b' '5652e8491231612f0e227c1b$Crazy' ;
ERROR 1064 (42000): You have an error in your SQL syntax; check the manual that corresponds to your MySQL server version for the right syntax to use near ''5652e8491231612f0e227c1b' '5652e8491231612f0e227c1b$Crazy'' at line 1
mysql> DROP TABLE IF EXISTS 56484a14a03909483d1976ab;
Query OK, 0 rows affected (0.28 sec)


5652e8491231612f0e227c1b$Crazy
T
[]
TASK!
[]
GET /api/tables/getTable/5652e8491231612f0e227c1b$Crazy 304 5.343 ms - -
GET /app/templates/indTaskForm.html 304 0.533 ms - -
5652e8491231612f0e227c1b$Crazy
5652e8491231612f0e227c1b$Crazy
There is an error.
Error: Error: ER_PARSE_ERROR: You have an error in your SQL syntax; check the manual that corresponds to your MySQL server version for the right syntax to use near '5652e8491231612f0e227c1b$Crazy' at line 1
GET /api/tables/getColumns/5652e8491231612f0e227c1b$Crazy 304 28.963 ms - -
GET /app/templates/login.html 304 0.647 ms - -
GET /?code=AQAzXGSh3Wu3nsUeMAD3yzR3x72SNt0qHegh0LcwfgGWpJ8vM1-fGzaJFfOWWVTdKTgncnJz531EHSKVkHC1TALtwtH1U8wRCiom7rGzLB7a_Ien1aiKBMcghiT4-Ul3wvTxhttw6Z-0IsLE-En_47YplInwTRs4hzsX8yvubRK97mKcudA0BNAYmfJoPimQhPcP8PuG1Y49EixMEpiFr1Tr4KiPUKg9IpK-_HlaZ5QiIGpQ5NKPS9C6qytUATg9r7aTzYTXEvMdgjhZAlEdNNqzFCjWggihEEg6i5y9MabLNG3fhjeMKL9FT4u1K9f5CXWinWiMBuNX3IrZTfH38NK4 200 79.371 ms - 2869
POST /api/login/facebook 200 4493.374 ms - 273
5652e8491231612f0e227c1b
POST /api/tables/checkID 200 1.871 ms - -
GET /images/folders-24867_1280.png 304 0.950 ms - -
GET /api/tables/getAllTables/5652e8491231612f0e227c1b 304 97.935 ms - -
5652e8491231612f0e227c1b$Crazy
T
[]
TASK!
[]
GET /api/tables/getTable/5652e8491231612f0e227c1b$Crazy 304 36.441 ms - -
5652e8491231612f0e227c1b$Crazy
5652e8491231612f0e227c1b$Crazy
There is an error.
